---
source: tui/src/status/tests.rs
expression: sanitized
---
/status

╭────────────────────────────────────────────────────────────────────────────╮
│  >_ OpenAI Codex (v0.0.0)                                                  │
│                                                                            │
│  Model:            gpt-5-codex (reasoning none, summaries auto)            │
│  Directory: [[workspace]]                                                  │
│  Approval:         on-request                                              │
│  Sandbox:          read-only                                               │
│  Agents.md:        <none>                                                  │
│                                                                            │
│  Token usage:      1.2K total  (800 input + 400 output)                    │
│  Context window:   100% left (1.2K used / 272K)                            │
│  Monthly limit:    [██░░░░░░░░░░░░░░░░░░] 12% used (resets 07:08 on 7 May) │
╰────────────────────────────────────────────────────────────────────────────╯
