---
source: tui/src/pager_overlay.rs
assertion_line: 798
expression: term.backend()
---
"/ S T A T I C / / / / / "
"a very long line that   "
"should wrap when        "
"rendered within a narrow"
"─────────────────── 0% ─"
" ↑/↓ to scroll   pgup/pg"
" q to quit              "
"                        "
