---
source: tui/src/diff_render.rs
expression: text
---
â€¢ Edited hundreds.txt (+1 -1)
     97  line 97
     98  line 98
     99  line 99
    100 -line 100
    100 +line 100 changed
    101  line 101
    102  line 102
    103  line 103
