---
source: tui/src/diff_render.rs
expression: terminal.backend()
---
"• Edited abs_old.rs → abs_new.rs (+1 -1)                                        "
"    1 -X                                                                        "
"    1 +X changed                                                                "
"    2  Y                                                                        "
"                                                                                "
"                                                                                "
"                                                                                "
"                                                                                "
"                                                                                "
"                                                                                "
