---
source: tui/src/diff_render.rs
expression: terminal.backend()
---
"â€¢ Edited example.txt (+1 -1)                                                    "
"    1  line one                                                                 "
"    2 -line two                                                                 "
"    2 +line two changed                                                         "
"    3  line three                                                               "
"                                                                                "
"                                                                                "
"                                                                                "
"                                                                                "
"                                                                                "
"                                                                                "
"                                                                                "
