---
source: tui/src/bottom_pane/footer.rs
expression: terminal.backend()
---
"  ctrl + c again to interrupt                                                   "
