---
source: tui/src/bottom_pane/chat_composer.rs
expression: terminal.backend()
---
"                                                                                                    "
"â€º Ask Codex to do anything                                                                          "
"                                                                                                    "
"                                                                                                    "
"                                                                                                    "
"                                                                                                    "
"                                                                                                    "
"                                                                                                    "
"  ctrl + c again to quit                                                                            "
