---
source: tui/src/bottom_pane/mod.rs
expression: "render_snapshot(&pane, area1)"
---
â€º Ask Codex to do an
