---
source: tui/src/bottom_pane/chat_composer.rs
expression: terminal.backend()
---
"                                                                                                    "
"â€º h                                                                                                 "
"                                                                                                    "
"                                                                                                    "
"                                                                                                    "
"                                                                                                    "
"                                                                                                    "
"                                                                                                    "
