---
source: tui/src/bottom_pane/list_selection_view.rs
expression: render_lines(&view)
---
                                                
  Select Approval Mode                          
                                                
â€º 1. Read Only (current)  Codex can read files  
  2. Full Access          Codex can edit files  
                                                
  Press enter to confirm or esc to go back
