---
source: tui/src/bottom_pane/footer.rs
expression: terminal.backend()
---
"  esc esc to edit previous message                                              "
