---
source: tui/src/bottom_pane/footer.rs
assertion_line: 389
expression: terminal.backend()
---
"  ctrl + c again to quit                                                        "
