---
source: tui/src/bottom_pane/chat_composer.rs
assertion_line: 1938
expression: terminal.backend()
---
"                                                                                                    "
"â€º Ask Codex to do anything                                                                          "
"                                                                                                    "
"                                                                                                    "
"                                                                                                    "
"                                                                                                    "
"                                                                                                    "
"                                                                                                    "
"                                                                                                    "
"  ? for shortcuts                                                                                   "
