---
source: tui/src/bottom_pane/footer.rs
expression: terminal.backend()
---
"  esc again to edit previous message                                            "
