---
source: tui/src/bottom_pane/mod.rs
expression: "render_snapshot(&pane, area2)"
---
                    
â€º Ask Codex to do a
