---
source: tui/src/bottom_pane/mod.rs
expression: "render_snapshot(&pane, area)"
---
                              
• Working (0s • esc to interru
                              
                              
› Ask Codex to do anything    
                              
  ? for shortcuts
