---
source: tui/src/chatwidget/tests.rs
expression: popup
---
  Enable full access?
  When Codex runs with full access, it can edit any file on your computer and
  run commands with network, without your approval. Exercise caution when
  enabling full access. This significantly increases the risk of data loss,
  leaks, or unexpected behavior.

â€º 1. Yes, continue anyway      Apply full access for this session
  2. Yes, and don't ask again  Enable full access and remember this choice
  3. Cancel                    Go back without enabling full access

  Press enter to confirm or esc to go back
