---
source: tui/src/chatwidget/tests.rs
expression: terminal.backend().vt100().screen().contents()
---
  ✨ New version available! Would you like to update?

  Full release notes: https://github.com/openai/codex/releases/latest


› 1. Yes, update now
  2. No, not now
  3. Don't remind me

  Press enter to confirm or esc to go back
