---
source: tui/src/chatwidget/tests.rs
expression: "format!(\"{buf:?}\")"
---
Buffer {
    area: Rect { x: 0, y: 0, width: 80, height: 15 },
    content: [
        "                                                                                ",
        "                                                                                ",
        "  Would you like to run the following command?                                  ",
        "                                                                                ",
        "  Reason: this is a test reason such as one that would be produced by the       ",
        "  model                                                                         ",
        "                                                                                ",
        "  $ echo hello world                                                            ",
        "                                                                                ",
        "â€º 1. Yes, proceed                                                               ",
        "  2. Yes, and don't ask again for this command                                  ",
        "  3. No, and tell Codex what to do differently esc                              ",
        "                                                                                ",
        "  Press enter to confirm or esc to cancel                                       ",
        "                                                                                ",
    ],
    styles: [
        x: 0, y: 0, fg: Reset, bg: Reset, underline: Reset, modifier: NONE,
        x: 2, y: 2, fg: Reset, bg: Reset, underline: Reset, modifier: BOLD,
        x: 46, y: 2, fg: Reset, bg: Reset, underline: Reset, modifier: NONE,
        x: 10, y: 4, fg: Reset, bg: Reset, underline: Reset, modifier: ITALIC,
        x: 73, y: 4, fg: Reset, bg: Reset, underline: Reset, modifier: NONE,
        x: 2, y: 5, fg: Reset, bg: Reset, underline: Reset, modifier: ITALIC,
        x: 7, y: 5, fg: Reset, bg: Reset, underline: Reset, modifier: NONE,
        x: 0, y: 9, fg: Cyan, bg: Reset, underline: Reset, modifier: BOLD,
        x: 17, y: 9, fg: Reset, bg: Reset, underline: Reset, modifier: NONE,
        x: 47, y: 11, fg: Reset, bg: Reset, underline: Reset, modifier: DIM,
        x: 50, y: 11, fg: Reset, bg: Reset, underline: Reset, modifier: NONE,
        x: 2, y: 13, fg: Reset, bg: Reset, underline: Reset, modifier: DIM,
        x: 0, y: 14, fg: Reset, bg: Reset, underline: Reset, modifier: NONE,
    ]
}
