---
source: tui/src/chatwidget/tests.rs
assertion_line: 1500
expression: terminal.backend()
---
"                                        "
"â€º Ask Codex to do anything              "
