---
source: tui/src/chatwidget/tests.rs
expression: lines_to_single_string(&approved_lines)
---
â€¢ Added foo.txt (+1 -0)
    1     +hello
