---
source: tui/src/chatwidget/tests.rs
assertion_line: 1470
expression: terminal.backend()
---
"                                        "
"                                        "
"â€º Ask Codex to do anything              "
