---
source: tui/src/onboarding/trust_directory.rs
expression: terminal.backend()
---
> You are running Codex in /workspace/project

  Since this folder is version controlled, you may wish to allow Codex
  to work in this folder without asking for approval.

â€º 1. Yes, allow Codex to work in this folder without asking for       
     approval                                                         
  2. No, ask me to approve edits and commands

  Press enter to continue
